<?xml version="1.0" encoding="UTF-8"?>
<generated>
  <source name="File1.ice">
    <file name="classes/test/Slice/generation/Test/Interface1Prx.java"/>
    <file name="classes/test/Slice/generation/Test/_Interface1PrxI.java"/>
    <file name="classes/test/Slice/generation/modpkg/Test2/Class1.java"/>
    <file name="classes/test/Slice/generation/Test/Interface1.java"/>
  </source>
  <source name="File2.ice">
    <file name="classes/test/Slice/generation/Test/Interface2Prx.java"/>
    <file name="classes/test/Slice/generation/Test/_Interface2PrxI.java"/>
    <file name="classes/test/Slice/generation/Test/Interface2.java"/>
  </source>
</generated>
